01:37:55 **** Incremental Build of configuration Debug for project test_uart_esp ****
make -j16 all 
arm-none-eabi-gcc "../Core/Src/main.c" -mcpu=cortex-m4 -std=gnu11 -g3 -DDEBUG -DUSE_HAL_DRIVER -DSTM32F411xE -c -I../Core/Inc -I../Drivers/STM32F4xx_HAL_Driver/Inc -I../Drivers/STM32F4xx_HAL_Driver/Inc/Legacy -I../Drivers/CMSIS/Device/ST/STM32F4xx/Include -I../Drivers/CMSIS/Include -O0 -ffunction-sections -fdata-sections -Wall -fstack-usage -MMD -MP -MF"Core/Src/main.d" -MT"Core/Src/main.o" --specs=nano.specs -mfpu=fpv4-sp-d16 -mfloat-abi=hard -mthumb -o "Core/Src/main.o"
../Core/Src/main.c: In function 'main':
../Core/Src/main.c:102:4: warning: implicit declaration of function 'sprintf' [-Wimplicit-function-declaration]
  102 |    sprintf(buffer,"%d",num);
      |    ^~~~~~~
../Core/Src/main.c:102:4: warning: incompatible implicit declaration of built-in function 'sprintf'
../Core/Src/main.c:22:1: note: include '<stdio.h>' or provide a declaration of 'sprintf'
   21 | #include "string.h"
  +++ |+#include <stdio.h>
   22 | /* Private includes ----------------------------------------------------------*/
arm-none-eabi-gcc -o "test_uart_esp.elf" @"objects.list"   -mcpu=cortex-m4 -T"C:\Users\Touch\STM32CubeIDE\aircontrol\test_uart_esp\STM32F411RETX_FLASH.ld" --specs=nosys.specs -Wl,-Map="test_uart_esp.map" -Wl,--gc-sections -static --specs=nano.specs -mfpu=fpv4-sp-d16 -mfloat-abi=hard -mthumb -Wl,--start-group -lc -lm -Wl,--end-group
Finished building target: test_uart_esp.elf
 
arm-none-eabi-size   test_uart_esp.elf 
arm-none-eabi-objdump -h -S  test_uart_esp.elf  > "test_uart_esp.list"
   text	   data	    bss	    dec	    hex	filename
  13764	    120	   1728	  15612	   3cfc	test_uart_esp.elf
Finished building: default.size.stdout
 
Finished building: test_uart_esp.list
 

01:37:56 Build Finished. 0 errors, 2 warnings. (took 743ms)

