01:40:20 **** Incremental Build of configuration Debug for project test_esp_to_stm ****
make -j16 all 
arm-none-eabi-gcc "../Core/Src/main.c" -mcpu=cortex-m4 -std=gnu11 -g3 -DDEBUG -DUSE_HAL_DRIVER -DSTM32F411xE -c -I../Core/Inc -I../Drivers/STM32F4xx_HAL_Driver/Inc -I../Drivers/STM32F4xx_HAL_Driver/Inc/Legacy -I../Drivers/CMSIS/Device/ST/STM32F4xx/Include -I../Drivers/CMSIS/Include -O0 -ffunction-sections -fdata-sections -Wall -fstack-usage -MMD -MP -MF"Core/Src/main.d" -MT"Core/Src/main.o" --specs=nano.specs -mfpu=fpv4-sp-d16 -mfloat-abi=hard -mthumb -o "Core/Src/main.o"
arm-none-eabi-gcc -o "test_esp_to_stm.elf" @"objects.list"   -mcpu=cortex-m4 -T"C:\Users\Touch\STM32CubeIDE\aircontrol\test_esp_to_stm\STM32F411RETX_FLASH.ld" --specs=nosys.specs -Wl,-Map="test_esp_to_stm.map" -Wl,--gc-sections -static --specs=nano.specs -mfpu=fpv4-sp-d16 -mfloat-abi=hard -mthumb -Wl,--start-group -lc -lm -Wl,--end-group
Finished building target: test_esp_to_stm.elf
 
arm-none-eabi-size   test_esp_to_stm.elf 
arm-none-eabi-objdump -h -S  test_esp_to_stm.elf  > "test_esp_to_stm.list"
   text	   data	    bss	    dec	    hex	filename
   8720	     20	   1708	  10448	   28d0	test_esp_to_stm.elf
Finished building: default.size.stdout
 
Finished building: test_esp_to_stm.list
 

01:40:21 Build Finished. 0 errors, 0 warnings. (took 970ms)

