18:40:57 **** Incremental Build of configuration Debug for project test_esp8266_nodemcu_v3_connection ****
make -j16 all 
arm-none-eabi-gcc "../Core/Src/main.c" -mcpu=cortex-m4 -std=gnu11 -g3 -DDEBUG -DUSE_HAL_DRIVER -DSTM32F411xE -c -I../Core/Inc -I../Drivers/STM32F4xx_HAL_Driver/Inc -I../Drivers/STM32F4xx_HAL_Driver/Inc/Legacy -I../Drivers/CMSIS/Device/ST/STM32F4xx/Include -I../Drivers/CMSIS/Include -O0 -ffunction-sections -fdata-sections -Wall -fstack-usage -MMD -MP -MF"Core/Src/main.d" -MT"Core/Src/main.o" --specs=nano.specs -mfpu=fpv4-sp-d16 -mfloat-abi=hard -mthumb -o "Core/Src/main.o"
arm-none-eabi-gcc -o "test_esp8266_nodemcu_v3_connection.elf" @"objects.list"   -mcpu=cortex-m4 -T"C:\Users\Touch\STM32CubeIDE\aircontrol\test_esp8266_nodemcu_v3_connection\STM32F411RETX_FLASH.ld" --specs=nosys.specs -Wl,-Map="test_esp8266_nodemcu_v3_connection.map" -Wl,--gc-sections -static --specs=nano.specs -mfpu=fpv4-sp-d16 -mfloat-abi=hard -mthumb -Wl,--start-group -lc -lm -Wl,--end-group
Finished building target: test_esp8266_nodemcu_v3_connection.elf
 
arm-none-eabi-size   test_esp8266_nodemcu_v3_connection.elf 
arm-none-eabi-objdump -h -S  test_esp8266_nodemcu_v3_connection.elf  > "test_esp8266_nodemcu_v3_connection.list"
   text	   data	    bss	    dec	    hex	filename
   7648	     20	   1636	   9304	   2458	test_esp8266_nodemcu_v3_connection.elf
Finished building: default.size.stdout
 
Finished building: test_esp8266_nodemcu_v3_connection.list
 

18:41:00 Build Finished. 0 errors, 0 warnings. (took 2s.68ms)

